C51 COMPILER V9.60.0.0   TEMP                                                              05/05/2022 14:22:23 PAGE 1   


C51 COMPILER V9.60.0.0, COMPILATION OF MODULE TEMP
OBJECT MODULE PLACED IN .\Objects\temp.obj
COMPILER INVOKED BY: D:\keil\C51\BIN\C51.EXE ..\Driver\temp.c COMPACT OPTIMIZE(8,SPEED) BROWSE INCDIR(..\Driver;..\Inclu
                    -de;..\User) DEBUG OBJECTEXTEND PRINT(.\Listings\temp.lst) TABS(2) OBJECT(.\Objects\temp.obj)

line level    source

   1          #include "config.h"
   2          #include "ds18b20.h"
   3          #include "lcd1602.h"
   4          
   5          unsigned char IntToString(unsigned char *str, int dat);
   6          
   7          void RefreshTemp()
   8          {
   9   1            bit res;  
  10   1            int temp;        //读取到的当前温度值
  11   1            int intT, decT,decTH,decTL;  //温度值的整数和小数部分
  12   1            unsigned char len;
  13   1            unsigned char str[10];
  14   1                 
  15   1            res = Get18B20Temp(&temp);  //读取当前温度
  16   1            if (res)                    //读取成功时，刷新当前温度显示
  17   1            {
  18   2              intT = temp >> 4;             //分离出温度值整数部分
  19   2              decT = temp & 0xF;            //分离出温度值小数部分
  20   2              len = IntToString(str, intT); //整数部分转换为字符串
  21   2              str[len++] = '.';             //添加小数点
  22   2              decTH = (decT*10) / 16;        //二进制的小数部分转换为1位十进制位
  23   2              str[len++] = decTH + '0';      //十进制小数位再转换为ASCII字符
  24   2              decTL = (decT*100) / 16 % 10;        
  25   2              str[len++] = decTL + '0';
  26   2              while (len < 8)               //用空格补齐到6个字符长度
  27   2              {
  28   3                str[len++] = ' ';
  29   3              }
  30   2              str[len] = '\0';              //添加字符串结束符
  31   2              LcdShowStr(3, 0, str);        //显示到液晶屏上
  32   2             }
  33   1              else
  34   1             {
  35   2                LcdShowStr(3, 0, "error!");
  36   2              }
  37   1              Start18B20();               //重新启动下一次转换       
  38   1      }
  39          
  40          unsigned char IntToString(unsigned char *str, int dat)
  41          {
  42   1          signed char i = 0;
  43   1          unsigned char len = 0;
  44   1          unsigned char buf[6];
  45   1          
  46   1          if (dat < 0)  //如果为负数，首先取绝对值，并在指针上添加负号
  47   1          {
  48   2              dat = -dat;
  49   2              *str++ = '-';
  50   2              len++;
  51   2          }
  52   1          do {          //先转换为低位在前的十进制数组
  53   2              buf[i++] = dat % 10;
  54   2              dat /= 10;
C51 COMPILER V9.60.0.0   TEMP                                                              05/05/2022 14:22:23 PAGE 2   

  55   2          } while (dat > 0);
  56   1          len += i;     //i最后的值就是有效字符的个数
  57   1          while (i-- > 0)   //将数组值转换为ASCII码反向拷贝到接收指针上
  58   1          {
  59   2              *str++ = buf[i] + '0';
  60   2          }
  61   1          *str = '\0';  //添加字符串结束符
  62   1          
  63   1          return len;   //返回字符串长度
  64   1      }


MODULE INFORMATION:   STATIC OVERLAYABLE
   CODE SIZE        =    404    ----
   CONSTANT SIZE    =      7    ----
   XDATA SIZE       =   ----    ----
   PDATA SIZE       =   ----      27
   DATA SIZE        =   ----    ----
   IDATA SIZE       =   ----    ----
   BIT SIZE         =   ----       1
END OF MODULE INFORMATION.


C51 COMPILATION COMPLETE.  0 WARNING(S),  0 ERROR(S)
